   Compiling waddle v0.0.7 (/home/powerpenguini/Projects/Waddle)
    Finished `release` profile [optimized] target(s) in 14.36s
     Running unittests src/main.rs (target/release/deps/waddle-2f0e1c778b3a2cc3)

running 7 tests
test app::performance::benchmark_cached_theme_and_sidebar_loading_work ... benchmark cached-theme: median=8ns/op p95=8ns/op budget=2µs/op samples=21 iterations=100000
benchmark sidebar-loading: median=12ns/op p95=14ns/op budget=2µs/op samples=21 iterations=100000
ok
test app::performance::benchmark_grid_cursor_and_view_work ... benchmark grid-cursor-view: median=248.706µs/op p95=252.538µs/op budget=8ms/op samples=21 iterations=500
benchmark grid-cursor-view: median=159.981µs/op p95=161.035µs/op budget=8ms/op samples=21 iterations=500
benchmark grid-cursor-view: median=68.082µs/op p95=68.466µs/op budget=8ms/op samples=21 iterations=500
ok
test app::performance::benchmark_internal_drag_preview_work ... benchmark internal-drag-preview: median=1.126µs/op p95=1.15µs/op budget=100µs/op samples=21 iterations=2000
ok
test app::performance::benchmark_large_marquee_selection_work ... benchmark large-marquee-selection: median=3.226µs/op p95=3.298µs/op budget=250µs/op samples=21 iterations=500
ok
test app::performance::benchmark_list_cursor_and_view_work ... benchmark list-cursor-view: median=62.714µs/op p95=63.11µs/op budget=8ms/op samples=21 iterations=500
benchmark list-cursor-view: median=57.965µs/op p95=58.268µs/op budget=8ms/op samples=21 iterations=500
benchmark list-cursor-view: median=39.351µs/op p95=41.741µs/op budget=8ms/op samples=21 iterations=500
ok
test app::performance::benchmark_scroll_frame_work ... benchmark scroll-frame: median=105ns/op p95=108ns/op budget=20µs/op samples=21 iterations=10000
ok
test app::system_icons::tests::benchmark_system_icon_cold_load_and_cached_resolution ... benchmark system-icons: cold-load=725.619957ms cached=13ns/op requests=112
ok

test result: ok. 7 passed; 0 failed; 0 ignored; 0 measured; 477 filtered out; finished in 7.68s
