    Finished `test` profile [optimized + debuginfo] target(s) in 0.12s
     Running unittests src/main.rs (target/debug/deps/waddle-60ad12b79314504f)

running 10 tests
test fs::tests::audit_copy_rejects_mixed_source_versions ... Copy, replace=false, sparse=false: edit after 1048576 bytes; receipts=1, failures=0, warnings=0
destination old bytes: 1048576; new bytes: 3145728

thread 'fs::tests::audit_copy_rejects_mixed_source_versions' (1142022) panicked at src/fs/../../.scratch/transfer-audit-14/copy_probes.rs:84:9:
published a mixture of two source versions
note: run with `RUST_BACKTRACE=1` environment variable to display a backtrace
FAILED
test fs::tests::audit_cross_device_move_rejects_mixed_source_versions ... Move, replace=false, sparse=false: edit after 1048576 bytes; receipts=0, failures=1, warnings=0
ok
test fs::tests::audit_cross_device_replace_move_rejects_mixed_source_versions ... Move, replace=true, sparse=false: edit after 1048576 bytes; receipts=0, failures=1, warnings=0
destination old bytes: 0; new bytes: 0
ok
test fs::tests::audit_failed_copy_replace_preserves_all_old_children ... ok
test fs::tests::audit_failed_move_replace_preserves_all_old_children ... ok
test fs::tests::audit_hardlink_copy_uses_current_source_permissions_after_conflict ... ok
test fs::tests::audit_replace_copy_rejects_mixed_source_versions ... Copy, replace=true, sparse=false: edit after 1048576 bytes; receipts=1, failures=0, warnings=0
destination old bytes: 1048576; new bytes: 3145728

thread 'fs::tests::audit_replace_copy_rejects_mixed_source_versions' (1142028) panicked at src/fs/../../.scratch/transfer-audit-14/copy_probes.rs:84:9:
published a mixture of two source versions
FAILED
test fs::tests::audit_skip_copy_child_still_transfers_sibling ... ok
test fs::tests::audit_skip_move_child_still_transfers_sibling ... ok
test fs::tests::audit_sparse_copy_rejects_mixed_source_versions ... Copy, replace=false, sparse=true: edit after 1048576 bytes; receipts=1, failures=0, warnings=0
destination old bytes: 1048576; new bytes: 3145728

thread 'fs::tests::audit_sparse_copy_rejects_mixed_source_versions' (1142031) panicked at src/fs/../../.scratch/transfer-audit-14/copy_probes.rs:84:9:
published a mixture of two source versions
FAILED

failures:

failures:
    fs::tests::audit_copy_rejects_mixed_source_versions
    fs::tests::audit_replace_copy_rejects_mixed_source_versions
    fs::tests::audit_sparse_copy_rejects_mixed_source_versions

test result: FAILED. 7 passed; 3 failed; 0 ignored; 0 measured; 536 filtered out; finished in 0.04s

error: test failed, to rerun pass `--bin waddle`
