   Compiling waddle v0.0.12 (/home/powerpenguini/Projects/Waddle)
    Finished `release` profile [optimized] target(s) in 17.50s
     Running unittests src/main.rs (target/release/deps/waddle-282e5bdd53bbdeac)

running 7 tests
test app::performance::benchmark_cached_theme_and_sidebar_loading_work ... benchmark cached-theme: median=8ns/op p95=8ns/op budget=2µs/op samples=21 iterations=100000
benchmark sidebar-loading: median=12ns/op p95=13ns/op budget=2µs/op samples=21 iterations=100000
ok
test app::performance::benchmark_grid_cursor_and_view_work ... benchmark grid-cursor-view: median=248.925µs/op p95=250.922µs/op budget=8ms/op samples=21 iterations=500
benchmark grid-cursor-view: median=159.063µs/op p95=159.686µs/op budget=8ms/op samples=21 iterations=500
benchmark grid-cursor-view: median=67.574µs/op p95=69.266µs/op budget=8ms/op samples=21 iterations=500
ok
test app::performance::benchmark_internal_drag_preview_work ... benchmark internal-drag-preview: median=1.086µs/op p95=1.117µs/op budget=100µs/op samples=21 iterations=2000
ok
test app::performance::benchmark_large_marquee_selection_work ... benchmark large-marquee-selection: median=3.393µs/op p95=3.489µs/op budget=250µs/op samples=21 iterations=500
ok
test app::performance::benchmark_list_cursor_and_view_work ... benchmark list-cursor-view: median=67.543µs/op p95=69.568µs/op budget=8ms/op samples=21 iterations=500
benchmark list-cursor-view: median=60.835µs/op p95=61.515µs/op budget=8ms/op samples=21 iterations=500
benchmark list-cursor-view: median=40.059µs/op p95=40.58µs/op budget=8ms/op samples=21 iterations=500
ok
test app::performance::benchmark_scroll_frame_work ... benchmark scroll-frame: median=109ns/op p95=111ns/op budget=20µs/op samples=21 iterations=10000
ok
test app::system_icons::tests::benchmark_system_icon_cold_load_and_cached_resolution ... benchmark system-icons: cold-load=729.110488ms cached=14ns/op requests=112
ok

test result: ok. 7 passed; 0 failed; 0 ignored; 0 measured; 607 filtered out; finished in 7.75s
