   Compiling waddle v0.0.7 (/home/powerpenguini/Projects/Waddle)
    Finished `release` profile [optimized] target(s) in 13.59s
     Running unittests src/main.rs (target/release/deps/waddle-2f0e1c778b3a2cc3)

running 7 tests
test app::performance::benchmark_cached_theme_and_sidebar_loading_work ... benchmark cached-theme: median=8ns/op p95=8ns/op budget=2µs/op samples=21 iterations=100000
benchmark sidebar-loading: median=12ns/op p95=15ns/op budget=2µs/op samples=21 iterations=100000
ok
test app::performance::benchmark_grid_cursor_and_view_work ... benchmark grid-cursor-view: median=243.299µs/op p95=245.913µs/op budget=8ms/op samples=21 iterations=500
benchmark grid-cursor-view: median=156.46µs/op p95=157.868µs/op budget=8ms/op samples=21 iterations=500
benchmark grid-cursor-view: median=66.19µs/op p95=66.8µs/op budget=8ms/op samples=21 iterations=500
ok
test app::performance::benchmark_internal_drag_preview_work ... benchmark internal-drag-preview: median=1.13µs/op p95=1.16µs/op budget=100µs/op samples=21 iterations=2000
ok
test app::performance::benchmark_large_marquee_selection_work ... benchmark large-marquee-selection: median=3.156µs/op p95=3.259µs/op budget=250µs/op samples=21 iterations=500
ok
test app::performance::benchmark_list_cursor_and_view_work ... benchmark list-cursor-view: median=64.585µs/op p95=65.253µs/op budget=8ms/op samples=21 iterations=500
benchmark list-cursor-view: median=59.423µs/op p95=60.204µs/op budget=8ms/op samples=21 iterations=500
benchmark list-cursor-view: median=39.954µs/op p95=40.243µs/op budget=8ms/op samples=21 iterations=500
ok
test app::performance::benchmark_scroll_frame_work ... benchmark scroll-frame: median=105ns/op p95=108ns/op budget=20µs/op samples=21 iterations=10000
ok
test app::system_icons::tests::benchmark_system_icon_cold_load_and_cached_resolution ... benchmark system-icons: cold-load=674.221249ms cached=14ns/op requests=112
ok

test result: ok. 7 passed; 0 failed; 0 ignored; 0 measured; 461 filtered out; finished in 7.55s

