   Compiling waddle v0.0.11 (/tmp/waddle-focus-validation-y_alipqz)
    Finished `release` profile [optimized] target(s) in 18.69s
     Running unittests src/main.rs (/home/powerpenguini/Projects/Waddle/target/release/deps/waddle-3b8130d58f001cf1)

running 7 tests
test app::performance::benchmark_cached_theme_and_sidebar_loading_work ... benchmark cached-theme: median=9ns/op p95=14ns/op budget=2µs/op samples=21 iterations=100000
benchmark sidebar-loading: median=17ns/op p95=19ns/op budget=2µs/op samples=21 iterations=100000
ok
test app::performance::benchmark_grid_cursor_and_view_work ... benchmark grid-cursor-view: median=412.511µs/op p95=490.997µs/op budget=8ms/op samples=21 iterations=500
benchmark grid-cursor-view: median=204.209µs/op p95=297.704µs/op budget=8ms/op samples=21 iterations=500
benchmark grid-cursor-view: median=69.837µs/op p95=71.077µs/op budget=8ms/op samples=21 iterations=500
ok
test app::performance::benchmark_internal_drag_preview_work ... benchmark internal-drag-preview: median=1.098µs/op p95=1.159µs/op budget=100µs/op samples=21 iterations=2000
ok
test app::performance::benchmark_large_marquee_selection_work ... benchmark large-marquee-selection: median=3.258µs/op p95=3.306µs/op budget=250µs/op samples=21 iterations=500
ok
test app::performance::benchmark_list_cursor_and_view_work ... benchmark list-cursor-view: median=68.127µs/op p95=69.061µs/op budget=8ms/op samples=21 iterations=500
benchmark list-cursor-view: median=61.808µs/op p95=62.492µs/op budget=8ms/op samples=21 iterations=500
benchmark list-cursor-view: median=40.618µs/op p95=42.118µs/op budget=8ms/op samples=21 iterations=500
ok
test app::performance::benchmark_scroll_frame_work ... benchmark scroll-frame: median=106ns/op p95=106ns/op budget=20µs/op samples=21 iterations=10000
ok
test app::system_icons::tests::benchmark_system_icon_cold_load_and_cached_resolution ... benchmark system-icons: cold-load=743.242099ms cached=14ns/op requests=112
ok

test result: ok. 7 passed; 0 failed; 0 ignored; 0 measured; 594 filtered out; finished in 10.11s
