   Compiling waddle v0.0.7 (/home/powerpenguini/Projects/Waddle)
    Finished `release` profile [optimized] target(s) in 12.97s
     Running unittests src/main.rs (target/release/deps/waddle-2f0e1c778b3a2cc3)

running 7 tests
test app::performance::benchmark_cached_theme_and_sidebar_loading_work ... benchmark cached-theme: median=8ns/op p95=8ns/op budget=2µs/op samples=21 iterations=100000
benchmark sidebar-loading: median=10ns/op p95=14ns/op budget=2µs/op samples=21 iterations=100000
ok
test app::performance::benchmark_grid_cursor_and_view_work ... benchmark grid-cursor-view: median=229.513µs/op p95=230.628µs/op budget=8ms/op samples=21 iterations=500
benchmark grid-cursor-view: median=148.82µs/op p95=149.887µs/op budget=8ms/op samples=21 iterations=500
benchmark grid-cursor-view: median=62.106µs/op p95=63.357µs/op budget=8ms/op samples=21 iterations=500
ok
test app::performance::benchmark_internal_drag_preview_work ... benchmark internal-drag-preview: median=1.131µs/op p95=1.158µs/op budget=100µs/op samples=21 iterations=2000
ok
test app::performance::benchmark_large_marquee_selection_work ... benchmark large-marquee-selection: median=3.178µs/op p95=3.189µs/op budget=250µs/op samples=21 iterations=500
ok
test app::performance::benchmark_list_cursor_and_view_work ... benchmark list-cursor-view: median=58.675µs/op p95=59.324µs/op budget=8ms/op samples=21 iterations=500
benchmark list-cursor-view: median=54.233µs/op p95=54.621µs/op budget=8ms/op samples=21 iterations=500
benchmark list-cursor-view: median=37.101µs/op p95=37.299µs/op budget=8ms/op samples=21 iterations=500
ok
test app::performance::benchmark_scroll_frame_work ... benchmark scroll-frame: median=106ns/op p95=107ns/op budget=20µs/op samples=21 iterations=10000
ok
test app::system_icons::tests::benchmark_system_icon_cold_load_and_cached_resolution ... benchmark system-icons: cold-load=659.478884ms cached=13ns/op requests=112
ok

test result: ok. 7 passed; 0 failed; 0 ignored; 0 measured; 452 filtered out; finished in 7.12s

