   Compiling waddle v0.0.9 (/home/powerpenguini/Projects/Waddle)
    Finished `test` profile [optimized + debuginfo] target(s) in 3.38s
     Running unittests src/main.rs (target/debug/deps/waddle-5901d92ae6ef98e7)

running 1 test

thread 'journal::tests::copying_hardlinks_preserves_relationship_when_attributes_are_unsupported' (1255495) panicked at src/journal/tests.rs:2824:5:

running 1 test
test journal::tests::hardlink_metadata_fault_child ... FAILED

failures:

failures:
    journal::tests::hardlink_metadata_fault_child

test result: FAILED. 0 passed; 1 failed; 0 ignored; 0 measured; 578 filtered out; finished in 0.00s



thread 'journal::tests::hardlink_metadata_fault_child' (1255502) panicked at src/journal/tests.rs:2790:5:
assertion `left == right` failed: unsupported attributes broke the source hardlink relationship
  left: 1185528
 right: 1185529
note: run with `RUST_BACKTRACE=1` environment variable to display a backtrace

note: run with `RUST_BACKTRACE=1` environment variable to display a backtrace
test journal::tests::copying_hardlinks_preserves_relationship_when_attributes_are_unsupported ... FAILED

failures:

failures:
    journal::tests::copying_hardlinks_preserves_relationship_when_attributes_are_unsupported

test result: FAILED. 0 passed; 1 failed; 0 ignored; 0 measured; 578 filtered out; finished in 0.04s

error: test failed, to rerun pass `--bin waddle`
